                                                                                                    
  Terramate UI / Scaffold Bundle Instance                                                           
  ╭──────────────────────────────────────────────────────────────────────────────────────────────╮  
  │                                                                                              │  
  │  ╭─ Bundle Details ───────────────────────────────────────────────────────────────────────╮  │  
  │  │ Bundle:     vpc v1.0.0                                                                 │  │  
  │  │ Class:      network                                                                    │  │  
  │  ├────────────────────────────────────────────────────────────────────────────────────────┤  │  
  │  │ Collection: Core Bundles                                                               │  │  
  │  │ Source:     git::https://example.com/bundles//vpc                                      │  │  
  │  ╰────────────────────────────────────────────────────────────────────────────────────────╯  │  
  │  ╭─ Error ────────────────────────────────────────────────────────────────────────────────╮  │  
  │  │ boom: could not load bundle definition                                                 │  │  
  │  ╰────────────────────────────────────────────────────────────────────────────────────────╯  │  
  │                                                                                              │  
  │  › vpc v1.0.0 • Core Bundles                                                                 │  
  │        A virtual private cloud bundle.                                                       │  
  │                                                                                              │  
  │    ecs v2.1.0 • Core Bundles                                                                 │  
  │                                                                                              │  
  │                                                                                              │  
  │                                                                                              │  
  │                                                                                              │  
  │                                                                                              │  
  │                                                                                              │  
  │                                                                                              │  
  │                                                                                              │  
  ╰──────────────────────────────────────────────────────────────────────────────────────────────╯  
  /: filter • esc: back                                                                             
                                                                                                    