╭────────────────────────────────────────────────────────────────────────────────────────────────────╮
│                                                                                                    │
│  Bundle name? (required)                                                     3 inputs remaining    │
│                                                                                                    │
│    ›                                                                                               │
│                                                                                                    │
╰────────────────────────────────────────────────────────────────────────────────────────────────────╯
╭────────────────────────────────────────────────────────────────────────────────────────────────────╮
│                                                                                                    │
│  Inputs                                                                                            │
│                                                                                                    │
│    ○ Bundle name?                                                                                  │
│    * Enable the thing?                                                                             │
│    * Region?                                                                                       │
│                                                                                                    │
│                                                                                                    │
│                                                                                                    │
│                                                                                                    │
│                                                                                                    │
│                                                                                                    │
│                                                                                                    │
╰────────────────────────────────────────────────────────────────────────────────────────────────────╯