╭────────────────────────────────────────────────────────────────────────────────────────────────────╮
│                                                                                                    │
│  Enable the thing? (required)                                                2 inputs remaining    │
│                                                                                                    │
│      Yes      No                                                                                   │
│                                                                                                    │
╰────────────────────────────────────────────────────────────────────────────────────────────────────╯
╭────────────────────────────────────────────────────────────────────────────────────────────────────╮
│                                                                                                    │
│  Inputs                                                                                            │
│                                                                                                    │
│    ✓ Bundle name?      = my-bundle                                                                 │
│    ○ Enable the thing?                                                                             │
│    * Region?                                                                                       │
│                                                                                                    │
│                                                                                                    │
│                                                                                                    │
│                                                                                                    │
│                                                                                                    │
│                                                                                                    │
│                                                                                                    │
╰────────────────────────────────────────────────────────────────────────────────────────────────────╯