╭────────────────────────────────────────────────────────────────────────────────────────────────────╮
│                                                                                                    │
│  Inputs                                                                                            │
│                                                                                                    │
│    ✓ Bundle name?      = my-bundle                                                                 │
│    ✓ Enable the thing? = No                                                                        │
│    ✓ Region?           = fr-par                                                                    │
│                                                                                                    │
│   Confirm   Cancel                                                                                 │
│                                                                                                    │
│                                                                                                    │
│                                                                                                    │
│                                                                                                    │
│                                                                                                    │
│                                                                                                    │
│                                                                                                    │
│                                                                                                    │
│                                                                                                    │
│                                                                                                    │
│                                                                                                    │
│                                                                                                    │
╰────────────────────────────────────────────────────────────────────────────────────────────────────╯