                                                                                                    
  Terramate UI / Select an Action                                                                   
  ╭──────────────────────────────────────────────────────────────────────────────────────────────╮  
  │                                                                                              │  
  │      Scaffold          Reconfigure          Promote          Quit                            │  
  │                                                                                              │  
  ╰──────────────────────────────────────────────────────────────────────────────────────────────╯  
  ╭──────────────────────────────────────────────────────────────────────────────────────────────╮  
  │                                                                                              │  
  │  Recently Changed — Select to Reconfigure                                                    │  
  │                                                                                              │  
  │  vpc v1.0.0                                                                                  │  
  │    › vpc-1 [Staging] reconfigured ✓ saved                                                    │  
  │                                                                                              │  
  ╰──────────────────────────────────────────────────────────────────────────────────────────────╯  
  enter: reconfigure • tab: switch section                                                          
                                                                                                    