                                                                                                    
  Terramate UI / Promote Bundle Instance                                                            
  ╭──────────────────────────────────────────────────────────────────────────────────────────────╮  
  │                                                                                              │  
  │  ╭─ Bundle Instance Details ──────────────────────────────────────────────────────────────╮  │  
  │  │ Bundle:  ecs v2.1.0                                                                    │  │  
  │  │ Class:   compute                                                                       │  │  
  │  │ Alias:   ecs-1                                                                         │  │  
  │  │ Promote: Staging → Production                                                          │  │  
  │  ├────────────────────────────────────────────────────────────────────────────────────────┤  │  
  │  │ Source:  git::https://example.com/ecs                                                  │  │  
  │  │ Config:  /ecs-1.tm.hcl                                                                 │  │  
  │  ╰────────────────────────────────────────────────────────────────────────────────────────╯  │  
  │                                                                                              │  
  │  ecs v2.1.0                                                                                  │  
  │    › ecs-1  Staging → Production                                                             │  
  │                                                                                              │  
  │  vpc v1.0.0                                                                                  │  
  │      vpc-1  Staging → Production                                                             │  
  │      vpc-2  Staging → Production                                                             │  
  │                                                                                              │  
  │                                                                                              │  
  │                                                                                              │  
  │                                                                                              │  
  │                                                                                              │  
  │                                                                                              │  
  │                                                                                              │  
  ╰──────────────────────────────────────────────────────────────────────────────────────────────╯  
  esc: back • e: show target env prod • /: filter                                                   
                                                                                                    