                                                                                                    
  Terramate UI / Reconfigure Bundle Instance                                                        
  ╭──────────────────────────────────────────────────────────────────────────────────────────────╮  
  │                                                                                              │  
  │  ╭─ Bundle Instance Details ──────────────────────────────────────────────────────────────╮  │  
  │  │ Bundle:      ecs v2.1.0                                                                │  │  
  │  │ Class:       compute                                                                   │  │  
  │  │ Alias:       ecs-1                                                                     │  │  
  │  │ Environment: Staging                                                                   │  │  
  │  ├────────────────────────────────────────────────────────────────────────────────────────┤  │  
  │  │ Source:      git::https://example.com/ecs                                              │  │  
  │  │ Config:      /ecs-1.tm.hcl                                                             │  │  
  │  ╰────────────────────────────────────────────────────────────────────────────────────────╯  │  
  │                                                                                              │  
  │  ecs v2.1.0                                                                                  │  
  │    › ecs-1 [Staging]                                                                         │  
  │                                                                                              │  
  │  vpc v1.0.0                                                                                  │  
  │      vpc-1 [Staging]                                                                         │  
  │      vpc-2 [Staging]                                                                         │  
  │                                                                                              │  
  │                                                                                              │  
  │                                                                                              │  
  │                                                                                              │  
  │                                                                                              │  
  │                                                                                              │  
  │                                                                                              │  
  ╰──────────────────────────────────────────────────────────────────────────────────────────────╯  
  esc: back • e: show only staging • /: filter                                                      
                                                                                                    