                                                                                                    
  Terramate UI / Reconfigure Bundle Instance — filter: "vpc"                                        
  ╭──────────────────────────────────────────────────────────────────────────────────────────────╮  
  │                                                                                              │  
  │  / vpc                                                                                       │  
  │                                                                                              │  
  │  ╭─ Bundle Instance Details ──────────────────────────────────────────────────────────────╮  │  
  │  │ Bundle:      vpc v1.0.0                                                                │  │  
  │  │ Class:       network                                                                   │  │  
  │  │ Alias:       vpc-2                                                                     │  │  
  │  │ Environment: Staging                                                                   │  │  
  │  ├────────────────────────────────────────────────────────────────────────────────────────┤  │  
  │  │ Source:      git::https://example.com/vpc                                              │  │  
  │  │ Config:      /vpc-2.tm.hcl                                                             │  │  
  │  ╰────────────────────────────────────────────────────────────────────────────────────────╯  │  
  │                                                                                              │  
  │  vpc v1.0.0                                                                                  │  
  │      vpc-1 [Staging]                                                                         │  
  │    › vpc-2 [Staging]                                                                         │  
  │                                                                                              │  
  │                                                                                              │  
  │                                                                                              │  
  │                                                                                              │  
  │                                                                                              │  
  │                                                                                              │  
  │                                                                                              │  
  │                                                                                              │  
  ╰──────────────────────────────────────────────────────────────────────────────────────────────╯  
  esc: clear filter • e: show only staging • /: edit filter                                         
                                                                                                    